[inai.neocities.org/index.html]
[backblue.gif]
[fade.gif]
[index.html]
[inai.neocities.org/img/cross.png]
[inai.neocities.org/img/staticgid.gif]
[files.catbox.moe/8lt8x9.jpg]
[inai.neocities.org/home.html]
[files.catbox.moe/twze70.gif]
[inai.neocities.org/index.html]
[inai.neocities.org/img/gravesdark.png]
[inai.neocities.org/style.css]
[unpkg.com/webamp@1.4.0/built/webamp.bundle.min.js]
[inai.neocities.org/about.html]
[inai.neocities.org/blog.html]
[inai.neocities.org/links.html]
[files.catbox.moe/1ho2ul.jpg]
[files.catbox.moe/33rai4.gif]
[64.media.tumblr.com/179456fb3467eeef11bafd78e4db6715/ce6e3d46a9820ef3-78/s250x400/tumblr_179456fb3467eeef11bafd78e4db6715_053af635_250.png]
[files.catbox.moe/r2vbzj.png]
[files.catbox.moe/p8kb9p.png]
[64.media.tumblr.com/38264bffd550b9ebfa5c5797d9297542/3f6a6145e698b005-0f/s75x75_c1/tumblr_38264bffd550b9ebfa5c5797d9297542_50b01c29_75.gif]
[inai.neocities.org/art.html]
[inai.neocities.org/gunpla.html]
[inai.neocities.org/library.html]
[inai.neocities.org/music.html]
[inai.neocities.org/neetcave.html]
[inai.neocities.org/warhammer.html]
[files.catbox.moe/2l86hj.png]
[inai.neocities.org/img/banner.gif]
[files.catbox.moe/tuf7zq.gif]
[files.catbox.moe/tcktlw.gif]
[files.catbox.moe/b4bemb.gif]
[inai.neocities.org/home.html]
[files.catbox.moe/nyat6x.jpg]
[graphic.neocities.org/gun.gif]
[files.catbox.moe/r3684x.gif]
[files.catbox.moe/vzj8vd.png]
[inai.neocities.org/about.html]
[files.catbox.moe/wlscxt.png]
[nukos.neocities.org/toros/toroconfuse.gif]
[nukos.neocities.org/toros/torostretchface.gif]
[nukos.neocities.org/toros/toroheadscratch.gif]
[media1.tenor.com/m/pqc0SR8eb78AAAAd/noa-izumi-noa.html]
[nukos.neocities.org/toros/torosadfall.gif]
[nukos.neocities.org/toros/torobeddybye.gif]
[64.media.tumblr.com/3ee331c1b620251a7ca5d199b15369ee/40bd9d4dc2e4dbcd-88/s2048x3072/tumblr_3ee331c1b620251a7ca5d199b15369ee_09386a10_2048.jpg]
[nukos.neocities.org/toros/torofloppy.gif]
[files.catbox.moe/gx1g2w.jpg]
[nukos.neocities.org/toros/torowave.gif]
[64.media.tumblr.com/c292f83e1e50c9891d8bbcea2ee7261b/f2547e7b6238da8c-b6/s2048x3072/tumblr_c292f83e1e50c9891d8bbcea2ee7261b_5b2eaa66_2048.jpg]
[files.catbox.moe/ah5r2u.png]
[inai.neocities.org/blog.html]
[kvlt.neocities.org/kvlt.gif]
[dannarchy.com/images/d_now.gif]
[empeethree.neocities.org/icons/dollzsefy3.png]
[capstasher.neocities.org/csc_88x31.png]
[kornloser.neocities.org/pics/sitebutton.png]
[driftt.neocities.org/driftt.png]
[cadnomori.neocities.org/banners/yokobanner.png]
[crows-nest.neocities.org/cnbutton.gif]
[emptygod.neocities.org/buttongraphic/buttons/emptygod.gif.gif]
[spiders.neocities.org/B/button (2).gif]
[saturn7.neocities.org/zlbutton.png]
[pumpkin-ninja.neocities.org/images/88X31.gif]
[arandomsite.neocities.org/IMG/buttons/88x31.gif]
[files.catbox.moe/vltthb.png]
[killian102004.neocities.org/graphics/buttons/button1.png]
[files.catbox.moe/qr81xm.gif]
[darkroom999.neocities.org/darkroom999_button_2.png]
[canidterror.neocities.org/layout/buttons/fav88x31.png]
[valentinos-dark-lair.neocities.org/magnet.jpg]
[sigmatic.neocities.org/images/buttons/sigmaticbutton.png]
[files.catbox.moe/soyzsi.gif]
[candlelitsmiles.neocities.org/candlebuttonone.png]
[files.catbox.moe/xqrl8u.png]
[shiga.neocities.org/home/images/users/Shiga.png]
[ilovesushi.neocities.org/ils3.gif]
[unfortunateaccident.neocities.org/gfx/uabutton.52.delayed]
[shinyexe.neocities.org/sprites/mybutton.gif]
[pseudogender.neocities.org/button(1).png]
[files.catbox.moe/8thcwj.gif]
[files.catbox.moe/kkktdi.gif]
[spiritcellar.neocities.org/images/badges/spiritcellar_badge.gif]
[porg-wife-cat-alley.neocities.org/fav sites/mybutton1.gif]
[ruralrose.neocities.org/ibutton.gif]
[thatoddhaystack.neocities.org/images/thatoddhaystack.png]
[files.catbox.moe/9ixvlo.gif]
[meyyebs.neocities.org/img/STICKYHANDS-88x31-1.gif]
[lovevy.neocities.org/images/arobutton.gif]
[files.catbox.moe/1o753n.gif]
[pickeraparter.com/pics/88x31/pickeraparter.gif]
[montysmortuary.neocities.org/images/buttonmortuary.gif]
[files.catbox.moe/9gmw3j.png]
[files.catbox.moe/iwm9hv.png]
[visualculture.vc/assets/images/button.png]
[islandsofclones.neocities.org/Diseased.png]
[aghast.neocities.org/image/button.png]
[colorworld.world/ad-badge.gif]
[ppaaiinnttkkiilleerr.neocities.org/IMAGES/buttonlinks/paintkiller.png]
[files.catbox.moe/0qo79s.gif]
[files.catbox.moe/kvg6mt.png]
[files.catbox.moe/se1ywn.png]
[inai.neocities.org/links.html]
[files.catbox.moe/1u7qqj.gif]
[files.catbox.moe/jr01p7.png]
[files.catbox.moe/noqena.png]
[files.catbox.moe/ee69ui.png]
[files.catbox.moe/0ok6tf.png]
[files.catbox.moe/t614c2.png]
[files.catbox.moe/wwhiqh.png]
[files.catbox.moe/6hax7p.png]
[inai.neocities.org/art.html]
[64.media.tumblr.com/4cc9986bd3c868652632c82b02ca8a86/b14d912d679229e5-05/s2048x3072/tumblr_4cc9986bd3c868652632c82b02ca8a86_3986bb48_2048.jpg]
[files.catbox.moe/rvk27m.png]
[64.media.tumblr.com/618e26ce054499eb176a91dcd437dc67/f778633d421d0c75-68/s2048x3072/tumblr_618e26ce054499eb176a91dcd437dc67_1587809f_2048.jpg]
[64.media.tumblr.com/7ea73d1009b1ac9115b0e83c78ea68d0/f778633d421d0c75-95/s2048x3072/tumblr_7ea73d1009b1ac9115b0e83c78ea68d0_5aafa8d1_2048.jpg]
[files.catbox.moe/pa84uo.jpg]
[cdn.shopify.com/s/files/1/2786/5582/files/OjOkmsGtIodpc19JaO6q.manual.thumb9b03.png]
[i.ebayimg.com/images/g/J0wAAOSw4B9mbAWh/s-l1200.jpg]
[blogger.googleusercontent.com/img/b/R29vZ2xl/AVvXsEinTDz92BuLrvufobA9SKyxHaDGyNIOD2YRFPV3LU9/s1600/112.jpg]
[blogger.googleusercontent.com/img/b/R29vZ2xl/AVvXsEjGjkPbbunQmMkiSMBNjXwwmK5xfqM8FRKgzkXQlaF/s1600/113.jpg]
[files.catbox.moe/yud5ok.png]
[cdn.shopify.com/s/files/1/2786/5582/products/rg-mbf-p01-re2-gundam-astray-gold-frame-amatsu-mina-00_clipped_rev_1.png]
[www.gundamplanet.com/cdn/shop/files/mg-mbf-p02kai-gundam-astray-red-frame-kai-pa_1_x500cb56.jpg]
[m.media-amazon.com/images/I/71JwkK-xmnL._AC_UF894,1000_QL80_.jpg]
[i.ebayimg.com/images/g/8Q8AAOSw9YRnh4jL/s-l400.jpg]
[whistle-stop.com/wp-content/uploads/2024/11/bvhfkszbv-300x300.jpg]
[myanimeshelf.com/autoresize/0x1000/upload/dynamic/2015-06/19/h107_m00011.jpg]
[myanimeshelf.com/autoresize/0x1000/upload/dynamic/2015-06/19/h107_m00021.jpg]
[m.media-amazon.com/images/I/71qBJ+mE85L.jpg]
[files.catbox.moe/ctepcp.png]
[files.catbox.moe/znle0r.jpg]
[files.catbox.moe/tw2iyz.jpg]
[files.catbox.moe/4bc6t7.png]
[files.catbox.moe/upby1k.png]
[files.catbox.moe/lr9k5g.jpg]
[cdn.shopify.com/s/files/1/2786/5582/files/boxart_45828b86-66cc-4905-b463-906b778f84bf.jpg]
[i.ebayimg.com/images/g/kKsAAOSwtoJkqiIV/s-l1200.jpg]
[files.catbox.moe/t4elue.png]
[blogger.googleusercontent.com/img/b/R29vZ2xl/AVvXsEjXhRP4VTkF6vLHrLoH4FA_n56vWqJECErXIk_AeBT/s1600/Untitled-41.png]
[www.gundamplanet.com/cdn/shop/files/mg-xxxg-01d2-gundam-deathscythe-hell-ew-ver-04.jpg]
[www.gundamplanet.com/cdn/shop/files/mg-xxxg-01d2-gundam-deathscythe-hell-ew-ver-pa_x500c212.jpg]
[files.catbox.moe/qh78ge.png]
[m.media-amazon.com/images/I/610rraCsYFL.jpg]
[houseofhobbies.com/cdn/shop/products/pooiyyu_500x8e23.jpg]
[www.hobbydigi.com/media/catalog/product/cache/image/700x700/e9c3970ab036de70892d86c6d221abfe/t/h/thumbnail_144873.98.delayed]
[www.1999.co.jp/itbig78/10783389a.jpg]
[files.catbox.moe/iuc5e8.png]
[files.catbox.moe/ui8y38.png]
[files.catbox.moe/laivp1.jpg]
[files.catbox.moe/6vcsjm.png]
[files.catbox.moe/x9ytrs.gif]
[inai.neocities.org/gunpla.html]
[64.media.tumblr.com/3e5299505c57ad35795ababbae968609/a0e2068b4760eb74-0b/s75x75_c1/tumblr_3e5299505c57ad35795ababbae968609_534a8e9c_75.gif]
[files.catbox.moe/4ga364.gif]
[files.catbox.moe/cvme78.gif]
[images.genius.com/4afb4b120cea7a12c7c924fc8f5f4c5e.1000x1000x1.png]
[f4.bcbits.com/img/a2006023081_10.jpg]
[f4.bcbits.com/img/a2127147382_10.jpg]
[f4.bcbits.com/img/a1574304562_5.jpg]
[upload.wikimedia.org/wikipedia/en/d/d3/Darkthrone_-_A_Blaze_in_the_Northern_Sky.jpg]
[upload.wikimedia.org/wikipedia/en/d/db/Darkthrone_-_Under_a_Funeral_Moon.jpg]
[f4.bcbits.com/img/a1646359973_10.jpg]
[f4.bcbits.com/img/a2466853809_10.jpg]
[f4.bcbits.com/img/a1501428280_16.jpg]
[adipocere-shop.com/site/img/p/2/5/9/0/6/25906-large_default.jpg]
[intoendlesschaos.de/wp-content/uploads/2024/02/otras-caskarhat-flyeer.png]
[media.invisibleoranges.com/qcerjudxrp/uploads/2018/01/23/a4053888368_10.jpg]
[f4.bcbits.com/img/0021054447_71.jpg]
[m.media-amazon.com/images/I/81aBCNeOxNL._UF1000,1000_QL80_.jpg]
[f4.bcbits.com/img/a2682150257_10.jpg]
[f4.bcbits.com/img/a2926959554_5.jpg]
[inai.neocities.org/img/trans.png]
[files.catbox.moe/ghk8rg.png]
[files.catbox.moe/mdxsdf.png]
[inai.neocities.org/library.html]
[upload.wikimedia.org/wikipedia/en/3/3d/The_Return_of_the_Darkness_and_Evil_coverart.jpg]
[upload.wikimedia.org/wikipedia/en/5/51/Bathory_Sign.jpg]
[upload.wikimedia.org/wikipedia/en/4/45/Blood_fire_death.jpg]
[f4.bcbits.com/img/a0504040815_10.jpg]
[f4.bcbits.com/img/a1764613626_10.jpg]
[upload.wikimedia.org/wikipedia/en/a/aa/Bolt_Thrower_In_Battle_There_Is_No_Law_Cover.jpg]
[upload.wikimedia.org/wikipedia/en/d/d9/Bolt_realm.jpg]
[upload.wikimedia.org/wikipedia/en/a/a4/Warmstr.jpg]
[upload.wikimedia.org/wikipedia/en/5/5a/The_IVth_Crusade_(Bolt_Thrower_album_cover).jpg]
[upload.wikimedia.org/wikipedia/en/d/d4/...For_Victory_(Bolt_Thrower_album)_cover_art.jpg]
[upload.wikimedia.org/wikipedia/en/0/00/Mercenary_(album)_cover.jpg]
[f4.bcbits.com/img/a3287254821_10.jpg]
[lastfm.freetls.fastly.net/i/u/500x500/73623509d9429cbf5b5b9fa4411b38e2.jpg]
[f4.bcbits.com/img/a2833213444_10.jpg]
[upload.wikimedia.org/wikipedia/en/0/0a/Scream_Bloody_Gore.jpg]
[upload.wikimedia.org/wikipedia/en/9/9c/DeathSOP-1998.jpg]
[f4.bcbits.com/img/a2308361496_10.jpg]
[m.media-amazon.com/images/I/819cCcD3j1L._UF1000,1000_QL80_.jpg]
[m.media-amazon.com/images/I/413RpcpzOuL._UF1000,1000_QL80_.jpg]
[is1-ssl.mzstatic.com/image/thumb/Music/66/75/d9/mzi.agknfpkr.jpg/600x600bf-60.jpg]
[f4.bcbits.com/img/a3789562919_10.jpg]
[f4.bcbits.com/img/a0904516115_10.jpg]
[f4.bcbits.com/img/a3844185362_10.jpg]
[f4.bcbits.com/img/a2715416457_10.jpg]
[f4.bcbits.com/img/a0617711605_10.jpg]
[f4.bcbits.com/img/a3561527831_10.jpg]
[f4.bcbits.com/img/a4266664070_10.jpg]
[f4.bcbits.com/img/a3929955575_10.jpg]
[upload.wikimedia.org/wikipedia/en/a/a3/Deathcrush.jpg]
[upload.wikimedia.org/wikipedia/en/3/3a/Mayhem_demysteriisdomsathanas.jpg]
[f4.bcbits.com/img/a4154239677_10.jpg]
[f4.bcbits.com/img/a2305834942_10.jpg]
[f4.bcbits.com/img/a4089005954_10.jpg]
[f4.bcbits.com/img/a0104072016_10.jpg]
[f4.bcbits.com/img/a3915736916_10.jpg]
[f4.bcbits.com/img/a1224783638_10.jpg]
[f4.bcbits.com/img/a0597843696_10.jpg]
[f4.bcbits.com/img/a0282936657_10.jpg]
[f4.bcbits.com/img/a2285682744_10.jpg]
[f4.bcbits.com/img/a2073847356_10.jpg]
[upload.wikimedia.org/wikipedia/en/e/ea/SodomInthesignofevil.jpg]
[www.metal-archives.com/images/2/5/8/5/2585291d.jpg]
[f4.bcbits.com/img/a2651455026_10.jpg]
[f4.bcbits.com/img/a0369575411_10.jpg]
[f4.bcbits.com/img/a3354654686_10.jpg]
[f4.bcbits.com/img/a1802128062_10.jpg]
[f4.bcbits.com/img/a0864422611_16.jpg]
[f4.bcbits.com/img/a1497196779_10.jpg]
[inai.neocities.org/music.html]
[64.media.tumblr.com/da6fab699d9834594305905955b108d1/0101af36851d544c-e0/s400x600/tumblr_da6fab699d9834594305905955b108d1_da4a0dbe_400.gif]
[files.catbox.moe/hmxwvn.jpg]
[files.catbox.moe/rxx40w.jpg]
[files.catbox.moe/i7mc95.gif]
[files.catbox.moe/de30os.gif]
[files.catbox.moe/sap72b.png]
[files.catbox.moe/sd2a04.png]
[files.catbox.moe/7493bz.png]
[files.catbox.moe/ndhkwj.png]
[files.catbox.moe/i8kq5b.png]
[files.catbox.moe/7ml4dz.png]
[files.catbox.moe/xqd9gh.gif]
[files.catbox.moe/lydl95.png]
[files.catbox.moe/peb7y6.jpg]
[files.catbox.moe/5q1edg.png]
[64.media.tumblr.com/f5e4b7b34665866e9fe58bee7d71a7c0/tumblr_oa9bssdFM61sv5krro1_540.gif]
[files.catbox.moe/s4y3ye.png]
[inai.neocities.org/neetcave.html]
[inai.neocities.org/img/frame.png]
[inai.neocities.org/img/hi.png]
[i.kickstarter.com/assets/047/075/673/d67c38f6bac04a28fbe3fd0fbad7c6ca_original9c78.png]
[inai.neocities.org/img/mini1.png]
[inai.neocities.org/img/mini2.png]
[inai.neocities.org/warhammer.html]
[www.gstatic.com/tenor/img/favicon/apple-touch-icon-57x57.png]
[www.gstatic.com/tenor/img/favicon/apple-touch-icon-60x60.png]
[www.gstatic.com/tenor/img/favicon/apple-touch-icon-72x72.png]
[www.gstatic.com/tenor/img/favicon/favicon-32x32.png]
[www.gstatic.com/tenor/img/favicon/favicon-16x16.png]
[c.tenor.com/pqc0SR8eb78AAAAd/tenor.gif]
[media1.tenor.com/m/pqc0SR8eb78AAAAd/noa-izumi-noa.html]
[unfortunateaccident.neocities.org/gfx/uabutton.html]
[www.hobbydigi.com/media/catalog/product/cache/image/700x700/e9c3970ab036de70892d86c6d221abfe/t/h/thumbnail_144873.html]
[www.lycanthropia.net/images/albums/winter-night-overture-weapon-against-the-god.html]
[www.gstatic.com/tenor/wrapper/cdn-html.min.css]
